// Jest Snapshot v1, https://goo.gl/fbAQLP

exports[`Login should render like the snapshot 1`] = `
ShallowWrapper {
  Symbol(enzyme.__root__): [Circular],
  Symbol(enzyme.__unrendered__): <Login />,
  Symbol(enzyme.__renderer__): Object {
    "batchedUpdates": [Function],
    "getNode": [Function],
    "render": [Function],
    "simulateError": [Function],
    "simulateEvent": [Function],
    "unmount": [Function],
  },
  Symbol(enzyme.__node__): Object {
    "instance": null,
    "key": undefined,
    "nodeType": "host",
    "props": Object {
      "children": Array [
        <h1
          className="login-title"
        >
          FlagShip
        </h1>,
        <div
          className="button login-button-facebook"
        >
          Facebook
        </div>,
        <div
          className="button login-button-twitter"
        >
          Twitter
        </div>,
        <div
          className="button login-button-email"
        >
          Email
        </div>,
      ],
      "className": "Login",
    },
    "ref": null,
    "rendered": Array [
      Object {
        "instance": null,
        "key": undefined,
        "nodeType": "host",
        "props": Object {
          "children": "FlagShip",
          "className": "login-title",
        },
        "ref": null,
        "rendered": "FlagShip",
        "type": "h1",
      },
      Object {
        "instance": null,
        "key": undefined,
        "nodeType": "host",
        "props": Object {
          "children": "Facebook",
          "className": "button login-button-facebook",
        },
        "ref": null,
        "rendered": "Facebook",
        "type": "div",
      },
      Object {
        "instance": null,
        "key": undefined,
        "nodeType": "host",
        "props": Object {
          "children": "Twitter",
          "className": "button login-button-twitter",
        },
        "ref": null,
        "rendered": "Twitter",
        "type": "div",
      },
      Object {
        "instance": null,
        "key": undefined,
        "nodeType": "host",
        "props": Object {
          "children": "Email",
          "className": "button login-button-email",
        },
        "ref": null,
        "rendered": "Email",
        "type": "div",
      },
    ],
    "type": "div",
  },
  Symbol(enzyme.__nodes__): Array [
    Object {
      "instance": null,
      "key": undefined,
      "nodeType": "host",
      "props": Object {
        "children": Array [
          <h1
            className="login-title"
          >
            FlagShip
          </h1>,
          <div
            className="button login-button-facebook"
          >
            Facebook
          </div>,
          <div
            className="button login-button-twitter"
          >
            Twitter
          </div>,
          <div
            className="button login-button-email"
          >
            Email
          </div>,
        ],
        "className": "Login",
      },
      "ref": null,
      "rendered": Array [
        Object {
          "instance": null,
          "key": undefined,
          "nodeType": "host",
          "props": Object {
            "children": "FlagShip",
            "className": "login-title",
          },
          "ref": null,
          "rendered": "FlagShip",
          "type": "h1",
        },
        Object {
          "instance": null,
          "key": undefined,
          "nodeType": "host",
          "props": Object {
            "children": "Facebook",
            "className": "button login-button-facebook",
          },
          "ref": null,
          "rendered": "Facebook",
          "type": "div",
        },
        Object {
          "instance": null,
          "key": undefined,
          "nodeType": "host",
          "props": Object {
            "children": "Twitter",
            "className": "button login-button-twitter",
          },
          "ref": null,
          "rendered": "Twitter",
          "type": "div",
        },
        Object {
          "instance": null,
          "key": undefined,
          "nodeType": "host",
          "props": Object {
            "children": "Email",
            "className": "button login-button-email",
          },
          "ref": null,
          "rendered": "Email",
          "type": "div",
        },
      ],
      "type": "div",
    },
  ],
  Symbol(enzyme.__options__): Object {
    "adapter": ReactSixteenAdapter {
      "options": Object {
        "enableComponentDidUpdateOnSetState": true,
        "lifecycles": Object {
          "componentDidUpdate": Object {
            "onSetState": true,
          },
          "getDerivedStateFromProps": true,
          "getSnapshotBeforeUpdate": true,
          "setState": Object {
            "skipsComponentDidUpdateOnNullish": true,
          },
        },
      },
    },
  },
}
`;
