// Jest Snapshot v1, https://goo.gl/fbAQLP

exports[`Account should render like the snapshot 1`] = `
ShallowWrapper {
  Symbol(enzyme.__root__): [Circular],
  Symbol(enzyme.__unrendered__): <Account />,
  Symbol(enzyme.__renderer__): Object {
    "batchedUpdates": [Function],
    "getNode": [Function],
    "render": [Function],
    "simulateError": [Function],
    "simulateEvent": [Function],
    "unmount": [Function],
  },
  Symbol(enzyme.__node__): Object {
    "instance": null,
    "key": undefined,
    "nodeType": "host",
    "props": Object {
      "children": Array [
        <div
          className="account-area"
        >
          <NavLink
            activeClassName="active"
            aria-current="page"
            className="back-button"
            onClick={[Function]}
            to="/"
          />
          <div
            className="account-logout"
          >
            log out
          </div>
        </div>,
        <div
          className="profile-image-container"
        />,
        <div
          className="user-data"
        >
          <p
            className="profile-name"
          >
            Alex Ela
          </p>
          <div
            className="points-container"
          >
            <div
              className="points-label"
            >
              points
            </div>
            <div
              className="points-number"
            >
              25
            </div>
          </div>
          <div
            className="account-data"
          >
            <div
              className="email-label"
            >
              email
            </div>
            <div
              className="email-text"
            >
              email@email.com
            </div>
          </div>
          <div
            className="extra-data"
          />
        </div>,
      ],
      "className": "Account",
    },
    "ref": null,
    "rendered": Array [
      Object {
        "instance": null,
        "key": undefined,
        "nodeType": "host",
        "props": Object {
          "children": Array [
            <NavLink
              activeClassName="active"
              aria-current="page"
              className="back-button"
              onClick={[Function]}
              to="/"
            />,
            <div
              className="account-logout"
            >
              log out
            </div>,
          ],
          "className": "account-area",
        },
        "ref": null,
        "rendered": Array [
          Object {
            "instance": null,
            "key": undefined,
            "nodeType": "function",
            "props": Object {
              "activeClassName": "active",
              "aria-current": "page",
              "className": "back-button",
              "onClick": [Function],
              "to": "/",
            },
            "ref": null,
            "rendered": null,
            "type": [Function],
          },
          Object {
            "instance": null,
            "key": undefined,
            "nodeType": "host",
            "props": Object {
              "children": "log out",
              "className": "account-logout",
            },
            "ref": null,
            "rendered": "log out",
            "type": "div",
          },
        ],
        "type": "div",
      },
      Object {
        "instance": null,
        "key": undefined,
        "nodeType": "host",
        "props": Object {
          "className": "profile-image-container",
        },
        "ref": null,
        "rendered": null,
        "type": "div",
      },
      Object {
        "instance": null,
        "key": undefined,
        "nodeType": "host",
        "props": Object {
          "children": Array [
            <p
              className="profile-name"
            >
              Alex Ela
            </p>,
            <div
              className="points-container"
            >
              <div
                className="points-label"
              >
                points
              </div>
              <div
                className="points-number"
              >
                25
              </div>
            </div>,
            <div
              className="account-data"
            >
              <div
                className="email-label"
              >
                email
              </div>
              <div
                className="email-text"
              >
                email@email.com
              </div>
            </div>,
            <div
              className="extra-data"
            />,
          ],
          "className": "user-data",
        },
        "ref": null,
        "rendered": Array [
          Object {
            "instance": null,
            "key": undefined,
            "nodeType": "host",
            "props": Object {
              "children": "Alex Ela",
              "className": "profile-name",
            },
            "ref": null,
            "rendered": "Alex Ela",
            "type": "p",
          },
          Object {
            "instance": null,
            "key": undefined,
            "nodeType": "host",
            "props": Object {
              "children": Array [
                <div
                  className="points-label"
                >
                  points
                </div>,
                <div
                  className="points-number"
                >
                  25
                </div>,
              ],
              "className": "points-container",
            },
            "ref": null,
            "rendered": Array [
              Object {
                "instance": null,
                "key": undefined,
                "nodeType": "host",
                "props": Object {
                  "children": "points",
                  "className": "points-label",
                },
                "ref": null,
                "rendered": "points",
                "type": "div",
              },
              Object {
                "instance": null,
                "key": undefined,
                "nodeType": "host",
                "props": Object {
                  "children": "25",
                  "className": "points-number",
                },
                "ref": null,
                "rendered": "25",
                "type": "div",
              },
            ],
            "type": "div",
          },
          Object {
            "instance": null,
            "key": undefined,
            "nodeType": "host",
            "props": Object {
              "children": Array [
                <div
                  className="email-label"
                >
                  email
                </div>,
                <div
                  className="email-text"
                >
                  email@email.com
                </div>,
              ],
              "className": "account-data",
            },
            "ref": null,
            "rendered": Array [
              Object {
                "instance": null,
                "key": undefined,
                "nodeType": "host",
                "props": Object {
                  "children": "email",
                  "className": "email-label",
                },
                "ref": null,
                "rendered": "email",
                "type": "div",
              },
              Object {
                "instance": null,
                "key": undefined,
                "nodeType": "host",
                "props": Object {
                  "children": "email@email.com",
                  "className": "email-text",
                },
                "ref": null,
                "rendered": "email@email.com",
                "type": "div",
              },
            ],
            "type": "div",
          },
          Object {
            "instance": null,
            "key": undefined,
            "nodeType": "host",
            "props": Object {
              "className": "extra-data",
            },
            "ref": null,
            "rendered": null,
            "type": "div",
          },
        ],
        "type": "div",
      },
    ],
    "type": "div",
  },
  Symbol(enzyme.__nodes__): Array [
    Object {
      "instance": null,
      "key": undefined,
      "nodeType": "host",
      "props": Object {
        "children": Array [
          <div
            className="account-area"
          >
            <NavLink
              activeClassName="active"
              aria-current="page"
              className="back-button"
              onClick={[Function]}
              to="/"
            />
            <div
              className="account-logout"
            >
              log out
            </div>
          </div>,
          <div
            className="profile-image-container"
          />,
          <div
            className="user-data"
          >
            <p
              className="profile-name"
            >
              Alex Ela
            </p>
            <div
              className="points-container"
            >
              <div
                className="points-label"
              >
                points
              </div>
              <div
                className="points-number"
              >
                25
              </div>
            </div>
            <div
              className="account-data"
            >
              <div
                className="email-label"
              >
                email
              </div>
              <div
                className="email-text"
              >
                email@email.com
              </div>
            </div>
            <div
              className="extra-data"
            />
          </div>,
        ],
        "className": "Account",
      },
      "ref": null,
      "rendered": Array [
        Object {
          "instance": null,
          "key": undefined,
          "nodeType": "host",
          "props": Object {
            "children": Array [
              <NavLink
                activeClassName="active"
                aria-current="page"
                className="back-button"
                onClick={[Function]}
                to="/"
              />,
              <div
                className="account-logout"
              >
                log out
              </div>,
            ],
            "className": "account-area",
          },
          "ref": null,
          "rendered": Array [
            Object {
              "instance": null,
              "key": undefined,
              "nodeType": "function",
              "props": Object {
                "activeClassName": "active",
                "aria-current": "page",
                "className": "back-button",
                "onClick": [Function],
                "to": "/",
              },
              "ref": null,
              "rendered": null,
              "type": [Function],
            },
            Object {
              "instance": null,
              "key": undefined,
              "nodeType": "host",
              "props": Object {
                "children": "log out",
                "className": "account-logout",
              },
              "ref": null,
              "rendered": "log out",
              "type": "div",
            },
          ],
          "type": "div",
        },
        Object {
          "instance": null,
          "key": undefined,
          "nodeType": "host",
          "props": Object {
            "className": "profile-image-container",
          },
          "ref": null,
          "rendered": null,
          "type": "div",
        },
        Object {
          "instance": null,
          "key": undefined,
          "nodeType": "host",
          "props": Object {
            "children": Array [
              <p
                className="profile-name"
              >
                Alex Ela
              </p>,
              <div
                className="points-container"
              >
                <div
                  className="points-label"
                >
                  points
                </div>
                <div
                  className="points-number"
                >
                  25
                </div>
              </div>,
              <div
                className="account-data"
              >
                <div
                  className="email-label"
                >
                  email
                </div>
                <div
                  className="email-text"
                >
                  email@email.com
                </div>
              </div>,
              <div
                className="extra-data"
              />,
            ],
            "className": "user-data",
          },
          "ref": null,
          "rendered": Array [
            Object {
              "instance": null,
              "key": undefined,
              "nodeType": "host",
              "props": Object {
                "children": "Alex Ela",
                "className": "profile-name",
              },
              "ref": null,
              "rendered": "Alex Ela",
              "type": "p",
            },
            Object {
              "instance": null,
              "key": undefined,
              "nodeType": "host",
              "props": Object {
                "children": Array [
                  <div
                    className="points-label"
                  >
                    points
                  </div>,
                  <div
                    className="points-number"
                  >
                    25
                  </div>,
                ],
                "className": "points-container",
              },
              "ref": null,
              "rendered": Array [
                Object {
                  "instance": null,
                  "key": undefined,
                  "nodeType": "host",
                  "props": Object {
                    "children": "points",
                    "className": "points-label",
                  },
                  "ref": null,
                  "rendered": "points",
                  "type": "div",
                },
                Object {
                  "instance": null,
                  "key": undefined,
                  "nodeType": "host",
                  "props": Object {
                    "children": "25",
                    "className": "points-number",
                  },
                  "ref": null,
                  "rendered": "25",
                  "type": "div",
                },
              ],
              "type": "div",
            },
            Object {
              "instance": null,
              "key": undefined,
              "nodeType": "host",
              "props": Object {
                "children": Array [
                  <div
                    className="email-label"
                  >
                    email
                  </div>,
                  <div
                    className="email-text"
                  >
                    email@email.com
                  </div>,
                ],
                "className": "account-data",
              },
              "ref": null,
              "rendered": Array [
                Object {
                  "instance": null,
                  "key": undefined,
                  "nodeType": "host",
                  "props": Object {
                    "children": "email",
                    "className": "email-label",
                  },
                  "ref": null,
                  "rendered": "email",
                  "type": "div",
                },
                Object {
                  "instance": null,
                  "key": undefined,
                  "nodeType": "host",
                  "props": Object {
                    "children": "email@email.com",
                    "className": "email-text",
                  },
                  "ref": null,
                  "rendered": "email@email.com",
                  "type": "div",
                },
              ],
              "type": "div",
            },
            Object {
              "instance": null,
              "key": undefined,
              "nodeType": "host",
              "props": Object {
                "className": "extra-data",
              },
              "ref": null,
              "rendered": null,
              "type": "div",
            },
          ],
          "type": "div",
        },
      ],
      "type": "div",
    },
  ],
  Symbol(enzyme.__options__): Object {
    "adapter": ReactSixteenAdapter {
      "options": Object {
        "enableComponentDidUpdateOnSetState": true,
        "lifecycles": Object {
          "componentDidUpdate": Object {
            "onSetState": true,
          },
          "getDerivedStateFromProps": true,
          "getSnapshotBeforeUpdate": true,
          "setState": Object {
            "skipsComponentDidUpdateOnNullish": true,
          },
        },
      },
    },
  },
}
`;
